app/product/[id].tsx(329,103): error TS2322: Type '"bold" | "normal"' is not assignable to type '"bold" | "regular" | "medium" | "semibold" | undefined'.
  Type '"normal"' is not assignable to type '"bold" | "regular" | "medium" | "semibold" | undefined'.
components/organisms/OrderCard.tsx(15,7): error TS2741: Property 'processing' is missing in type '{ pending: { label: string; variant: "warning"; }; confirmed: { label: string; variant: "info"; }; shipped: { label: string; variant: "primary"; }; out_for_delivery: { label: string; variant: "info"; }; delivered: { ...; }; cancelled: { ...; }; returned: { ...; }; }' but required in type 'Record<OrderStatus, { label: string; variant: "primary" | "success" | "error" | "warning" | "info"; }>'.
services/mockData.ts(199,5): error TS2353: Object literal may only specify known properties, and 'name' does not exist in type 'Address'.
services/mockData.ts(210,5): error TS2353: Object literal may only specify known properties, and 'name' does not exist in type 'Address'.
